C:\Desenvolvimento\FieloProjects\fielotestkeys\src\main\java\business\enumerator\ENConfigProperties.java
C:\Desenvolvimento\FieloProjects\fielotestkeys\src\main\java\business\enumerator\ENBrowserName.java
C:\Desenvolvimento\FieloProjects\fielotestkeys\src\main\java\business\keyword\KeyApplication.java
C:\Desenvolvimento\FieloProjects\fielotestkeys\src\main\java\business\keyword\KeyApplicationTests.java
C:\Desenvolvimento\FieloProjects\fielotestkeys\src\main\java\business\keyword\Keyword.java
C:\Desenvolvimento\FieloProjects\fielotestkeys\src\main\java\business\report\Templates.java
C:\Desenvolvimento\FieloProjects\fielotestkeys\src\main\java\business\util\ScreenCaptureMovie.java
C:\Desenvolvimento\FieloProjects\fielotestkeys\src\main\java\business\report\HTMLData.java
C:\Desenvolvimento\FieloProjects\fielotestkeys\src\main\java\business\keyword\KeyUtil.java
C:\Desenvolvimento\FieloProjects\fielotestkeys\src\main\java\business\enumerator\ENStatus.java
C:\Desenvolvimento\FieloProjects\fielotestkeys\src\main\java\business\keyword\KeywordExec.java
C:\Desenvolvimento\FieloProjects\fielotestkeys\src\main\java\business\report\HTMLReport.java
C:\Desenvolvimento\FieloProjects\fielotestkeys\src\main\java\business\util\ReadExcel.java
C:\Desenvolvimento\FieloProjects\fielotestkeys\src\main\java\business\util\ScreenRecorderVideo.java
C:\Desenvolvimento\FieloProjects\fielotestkeys\src\main\java\business\util\ConsoleOutputCapturer.java
C:\Desenvolvimento\FieloProjects\fielotestkeys\src\main\java\business\keyword\KeywordData.java
C:\Desenvolvimento\FieloProjects\fielotestkeys\src\main\java\business\util\Tools.java
C:\Desenvolvimento\FieloProjects\fielotestkeys\src\main\java\business\util\MDLWindowsProcess.java
